ESP-ROM:esp32s3-20210327
Build:Mar 27 2021
rst:0x15 (USB_UART_CHIP_RESET),boot:0xa (SPI_FAST_FLASH_BOOT)
Saved PC:0x4037b522
SPIWP:0xee
mode:DIO, clock div:1
load:0x3fce2820,len:0x14f0
load:0x403c8700,len:0xda0
load:0x403cb700,len:0x2f58
entry 0x403c8908
I (24) boot: ESP-IDF v6.0 2nd stage bootloader
I (24) boot: compile time Jun 20 2026 12:12:22
I (25) boot: Multicore bootloader
I (25) boot: chip revision: v0.2
I (27) boot: efuse block revision: v1.3
I (31) boot.esp32s3: Boot SPI Speed : 80MHz
I (35) boot.esp32s3: SPI Mode       : DIO
I (39) boot.esp32s3: SPI Flash Size : 16MB
I (42) boot: Enabling RNG early entropy source...
I (47) boot: Partition Table:
I (49) boot: ## Label            Usage          Type ST Offset   Length
I (56) boot:  0 nvs              WiFi data        01 02 00009000 00006000
I (62) boot:  1 phy_init         RF data          01 01 0000f000 00001000
I (69) boot:  2 factory          factory app      00 00 00010000 00ff0000
I (75) boot: End of partition table
I (79) esp_image: segment 0: paddr=00010020 vaddr=3c090020 size=312a38h (3222072) map
I (664) esp_image: segment 1: paddr=00322a60 vaddr=3fc97b00 size=05060h ( 20576) load
I (668) esp_image: segment 2: paddr=00327ac8 vaddr=40374000 size=08550h ( 34128) load
I (676) esp_image: segment 3: paddr=00330020 vaddr=42000020 size=86ab4h (551604) map
I (776) esp_image: segment 4: paddr=003b6adc vaddr=4037c550 size=0b54ch ( 46412) load
I (786) esp_image: segment 5: paddr=003c2030 vaddr=50000000 size=00024h (    36) load
I (795) boot: Loaded app from partition at offset 0x10000
I (796) boot: Disabling RNG early entropy source...
I (806) cpu_start: Multicore app
I (814) cpu_start: GPIO 44 and 43 are used as console UART I/O pins
I (815) cpu_start: Pro cpu start user code
I (815) cpu_start: cpu freq: 160000000 Hz
I (816) app_init: Application information:
I (820) app_init: Project name:     swarm_coordinator
I (825) app_init: App version:      091c952-dirty
I (829) app_init: Compile time:     Jun 21 2026 11:30:02
I (834) app_init: ELF file SHA256:  47ae785a8...
I (839) app_init: ESP-IDF:          v6.0
I (842) efuse_init: Min chip rev:     v0.0
I (846) efuse_init: Max chip rev:     v0.99 
I (850) efuse_init: Chip rev:         v0.2
I (854) heap_init: Initializing. RAM available for dynamic allocation:
I (860) heap_init: At 3FCA0A60 len 00048CB0 (291 KiB): RAM
I (866) heap_init: At 3FCE9710 len 00005724 (21 KiB): RAM
I (871) heap_init: At 3FCF0000 len 00008000 (32 KiB): DRAM
I (876) heap_init: At 600FE000 len 00001FE8 (7 KiB): RTCRAM
I (882) spi_flash: detected chip: generic
I (885) spi_flash: flash io: dio
I (889) sleep_gpio: Configure to isolate all GPIO pins in sleep state
I (894) sleep_gpio: Enable automatic switching of GPIO sleep configuration
I (901) main_task: Started on CPU0
I (911) main_task: Calling app_main()
I (911) COORD: ========================================
I (911) COORD:   SwarmInfer Coordinator — Full Pipeline
I (921) COORD: ========================================
I (921) COORD: MAC: 02:00:00:00:00:00
I (941) pp: pp rom version: e7ae62f
I (941) net80211: net80211 rom version: e7ae62f
I (951) wifi:wifi driver task: 3fcee91c, prio:23, stack:6656, core=0
I (951) wifi:wifi firmware version: 44738b4
I (951) wifi:wifi certification version: v7.0
I (951) wifi:config NVS flash: enabled
I (961) wifi:config nano formatting: disabled
I (961) wifi:Init data frame dynamic rx buffer num: 32
I (961) wifi:Init static rx mgmt buffer num: 5
I (971) wifi:Init management short buffer num: 32
I (971) wifi:Init dynamic tx buffer num: 32
I (981) wifi:Init static tx FG buffer num: 2
I (981) wifi:Init static rx buffer size: 1600
I (991) wifi:Init static rx buffer num: 10
I (991) wifi:Init dynamic rx buffer num: 32
I (991) wifi_init: rx ba win: 6
I (1001) wifi_init: accept mbox: 6
I (1001) wifi_init: tcpip mbox: 32
I (1001) wifi_init: udp mbox: 6
I (1011) wifi_init: tcp mbox: 6
I (1011) wifi_init: tcp tx win: 5760
I (1011) wifi_init: tcp rx win: 5760
I (1011) wifi_init: tcp mss: 1440
I (1021) wifi_init: WiFi IRAM OP enabled
I (1021) wifi_init: WiFi RX IRAM OP enabled
I (1031) phy_init: phy_version 711,97bcf0a2,Aug 25 2025,19:04:10
I (1071) phy_init: Saving new calibration data due to checksum failure or outdated calibration data, mode(0)
I (1141) wifi:mode : sta (02:00:00:00:00:00)
I (1141) wifi:enable tsf
I (1151) ESPNOW: espnow [version: 2.0] init
I (1151) pmeter: INA219 @0x40 on SDA=8 SCL=9; sampling on core 1
PWRSAVED,COORD,77910,689,136,522,1236
