ESP-ROM:esp32s3-20210327
Build:Mar 27 2021
rst:0x15 (USB_UART_CHIP_RESET),boot:0x28 (SPI_FAST_FLASH_BOOT)
Saved PC:0x42013a6e
SPIWP:0xee
mode:DIO, clock div:1
load:0x3fce2820,len:0x14f0
load:0x403c8700,len:0xda0
load:0x403cb700,len:0x2f58
entry 0x403c8908
I (24) boot: ESP-IDF v6.0 2nd stage bootloader
I (24) boot: compile time Apr 20 2026 18:30:23
I (25) boot: Multicore bootloader
I (25) boot: chip revision: v0.2
I (27) boot: efuse block revision: v1.3
I (31) boot.esp32s3: Boot SPI Speed : 80MHz
I (35) boot.esp32s3: SPI Mode       : DIO
I (39) boot.esp32s3: SPI Flash Size : 16MB
I (42) boot: Enabling RNG early entropy source...
I (47) boot: Partition Table:
I (50) boot: ## Label            Usage          Type ST Offset   Length
I (56) boot:  0 nvs              WiFi data        01 02 00009000 00006000
I (62) boot:  1 phy_init         RF data          01 01 0000f000 00001000
I (69) boot:  2 factory          factory app      00 00 00010000 00ff0000
I (75) boot: End of partition table
I (79) esp_image: segment 0: paddr=00010020 vaddr=3c020020 size=31361ch (3225116) map
I (664) esp_image: segment 1: paddr=00323644 vaddr=3fc90c00 size=0317ch ( 12668) load
I (668) esp_image: segment 2: paddr=003267c8 vaddr=40374000 size=09850h ( 38992) load
I (677) esp_image: segment 3: paddr=00330020 vaddr=42000020 size=19c84h (105604) map
I (696) esp_image: segment 4: paddr=00349cac vaddr=4037d850 size=0330ch ( 13068) load
I (700) esp_image: segment 5: paddr=0034cfc0 vaddr=50000000 size=00024h (    36) load
I (706) boot: Loaded app from partition at offset 0x10000
I (706) boot: Disabling RNG early entropy source...
I (722) cpu_start: Multicore app
I (730) cpu_start: GPIO 44 and 43 are used as console UART I/O pins
I (731) cpu_start: Pro cpu start user code
I (731) cpu_start: cpu freq: 160000000 Hz
I (732) app_init: Application information:
I (736) app_init: Project name:     single_inference
I (741) app_init: App version:      091c952-dirty
I (745) app_init: Compile time:     Jun 21 2026 11:19:14
I (750) app_init: ELF file SHA256:  50f12b2a4...
I (755) app_init: ESP-IDF:          v6.0
I (758) efuse_init: Min chip rev:     v0.0
I (762) efuse_init: Max chip rev:     v0.99 
I (766) efuse_init: Chip rev:         v0.2
I (770) heap_init: Initializing. RAM available for dynamic allocation:
I (776) heap_init: At 3FC947A0 len 00054F70 (339 KiB): RAM
I (781) heap_init: At 3FCE9710 len 00005724 (21 KiB): RAM
I (787) heap_init: At 3FCF0000 len 00008000 (32 KiB): DRAM
I (792) heap_init: At 600FE000 len 00001FE8 (7 KiB): RTCRAM
I (798) spi_flash: detected chip: generic
I (801) spi_flash: flash io: dio
I (804) sleep_gpio: Configure to isolate all GPIO pins in sleep state
I (810) sleep_gpio: Enable automatic switching of GPIO sleep configuration
I (817) main_task: Started on CPU0
I (827) main_task: Calling app_main()
I (827) INFERENCE: 
I (827) INFERENCE: ========================================
I (827) INFERENCE:   FatCNN-Lite Single-Node Batch Inference
I (837) INFERENCE:   Images: 1000
I (837) INFERENCE: ========================================
I (847) INFERENCE: Free heap: 394652 bytes
I (847) INFERENCE: Free internal: 394652 bytes
I (857) pmeter: INA219 @0x40 on SDA=8 SCL=9; sampling on core 1
PWRSAVED,SINGLE,66928,372,72,273,400
